// Jest Snapshot v1, https://goo.gl/fbAQLP

exports[`Button Component should match the snapshot 1`] = `
<div>
  <button
    class="button "
  >
    Click me
  </button>
</div>
`;
