// Jest Snapshot v1, https://goo.gl/fbAQLP

exports[`Skeleton Component should match the snapshot 1`] = `
<div>
  <div
    class="skeleton"
    data-testid="skeleton"
  />
</div>
`;
